// Jest Snapshot v1, https://goo.gl/fbAQLP

exports[`renders the UI as expected 1`] = `
<messages
  name="messages"
  unread={4}
/>
`;
